[    0.000000] Linux version 4.15.0-191-generic (buildd@lcy02-amd64-032) (gcc version 7.5.0 (Ubuntu 7.5.0-3ubuntu1~18.04)) #202-Ubuntu SMP Thu Aug 4 01:49:29 UTC 2022 (Ubuntu 4.15.0-191.202-generic 4.15.18)
[    0.000000] Command line: BOOT_IMAGE=/boot/vmlinuz-4.15.0-191-generic root=LABEL=cloudimg-rootfs ro console=tty1 console=ttyS0
[    0.000000] KERNEL supported cpus:
[    0.000000]   Intel GenuineIntel
[    0.000000]   AMD AuthenticAMD
[    0.000000]   Centaur CentaurHauls
[    0.000000] [Firmware Bug]: TSC doesn't count with P0 frequency!
[    0.000000] x86/fpu: x87 FPU will use FXSAVE
[    0.000000] e820: BIOS-provided physical RAM map:
[    0.000000] BIOS-e820: [mem 0x0000000000000000-0x000000000009fbff] usable
[    0.000000] BIOS-e820: [mem 0x000000000009fc00-0x000000000009ffff] reserved
[    0.000000] BIOS-e820: [mem 0x00000000000f0000-0x00000000000fffff] reserved
[    0.000000] BIOS-e820: [mem 0x0000000000100000-0x000000007ffeffff] usable
[    0.000000] BIOS-e820: [mem 0x000000007fff0000-0x000000007fffffff] ACPI data
[    0.000000] BIOS-e820: [mem 0x00000000fec00000-0x00000000fec00fff] reserved
[    0.000000] BIOS-e820: [mem 0x00000000fee00000-0x00000000fee00fff] reserved
[    0.000000] BIOS-e820: [mem 0x00000000fffc0000-0x00000000ffffffff] reserved
[    0.000000] NX (Execute Disable) protection: active
[    0.000000] SMBIOS 2.5 present.
[    0.000000] DMI: innotek GmbH VirtualBox/VirtualBox, BIOS VirtualBox 12/01/2006
[    0.000000] Hypervisor detected: KVM
[    0.000000] e820: last_pfn = 0x7fff0 max_arch_pfn = 0x400000000
[    0.000000] MTRR: Disabled
[    0.000000] x86/PAT: MTRRs disabled, skipping PAT initialization too.
[    0.000000] CPU MTRRs all blank - virtualized system.
[    0.000000] x86/PAT: Configuration [0-7]: WB  WT  UC- UC  WB  WT  UC- UC  
[    0.000000] found SMP MP-table at [mem 0x0009fff0-0x0009ffff]
[    0.000000] Scanning 1 areas for low memory corruption
[    0.000000] RAMDISK: [mem 0x359c9000-0x36cdbfff]
[    0.000000] ACPI: Early table checksum verification disabled
[    0.000000] ACPI: RSDP 0x00000000000E0000 000024 (v02 VBOX  )
[    0.000000] ACPI: XSDT 0x000000007FFF0030 00003C (v01 VBOX   VBOXXSDT 00000001 ASL  00000061)
[    0.000000] ACPI: FACP 0x000000007FFF00F0 0000F4 (v04 VBOX   VBOXFACP 00000001 ASL  00000061)
[    0.000000] ACPI: DSDT 0x000000007FFF0470 002325 (v02 VBOX   VBOXBIOS 00000002 INTL 20100528)
[    0.000000] ACPI: FACS 0x000000007FFF0200 000040
[    0.000000] ACPI: FACS 0x000000007FFF0200 000040
[    0.000000] ACPI: APIC 0x000000007FFF0240 000054 (v02 VBOX   VBOXAPIC 00000001 ASL  00000061)
[    0.000000] ACPI: SSDT 0x000000007FFF02A0 0001CC (v01 VBOX   VBOXCPUT 00000002 INTL 20100528)
[    0.000000] ACPI: Reserving FACP table memory at [mem 0x7fff00f0-0x7fff01e3]
[    0.000000] ACPI: Reserving DSDT table memory at [mem 0x7fff0470-0x7fff2794]
[    0.000000] ACPI: Reserving FACS table memory at [mem 0x7fff0200-0x7fff023f]
[    0.000000] ACPI: Reserving FACS table memory at [mem 0x7fff0200-0x7fff023f]
[    0.000000] ACPI: Reserving APIC table memory at [mem 0x7fff0240-0x7fff0293]
[    0.000000] ACPI: Reserving SSDT table memory at [mem 0x7fff02a0-0x7fff046b]
[    0.000000] No NUMA configuration found
[    0.000000] Faking a node at [mem 0x0000000000000000-0x000000007ffeffff]
[    0.000000] NODE_DATA(0) allocated [mem 0x7ffc5000-0x7ffeffff]
[    0.000000] kvm-clock: cpu 0, msr 0:7ff44001, primary cpu clock
[    0.000000] kvm-clock: Using msrs 4b564d01 and 4b564d00
[    0.000000] kvm-clock: using sched offset of 4997984868 cycles
[    0.000000] clocksource: kvm-clock: mask: 0xffffffffffffffff max_cycles: 0x1cd42e4dffb, max_idle_ns: 881590591483 ns
[    0.000000] Zone ranges:
[    0.000000]   DMA      [mem 0x0000000000001000-0x0000000000ffffff]
[    0.000000]   DMA32    [mem 0x0000000001000000-0x000000007ffeffff]
[    0.000000]   Normal   empty
[    0.000000]   Device   empty
[    0.000000] Movable zone start for each node
[    0.000000] Early memory node ranges
[    0.000000]   node   0: [mem 0x0000000000001000-0x000000000009efff]
[    0.000000]   node   0: [mem 0x0000000000100000-0x000000007ffeffff]
[    0.000000] Reserved but unavailable: 104 pages
[    0.000000] Initmem setup node 0 [mem 0x0000000000001000-0x000000007ffeffff]
[    0.000000] ACPI: PM-Timer IO Port: 0x4008
[    0.000000] IOAPIC[0]: apic_id 1, version 32, address 0xfec00000, GSI 0-23
[    0.000000] ACPI: INT_SRC_OVR (bus 0 bus_irq 0 global_irq 2 dfl dfl)
[    0.000000] ACPI: INT_SRC_OVR (bus 0 bus_irq 9 global_irq 9 low level)
[    0.000000] Using ACPI (MADT) for SMP configuration information
[    0.000000] smpboot: Allowing 1 CPUs, 0 hotplug CPUs
[    0.000000] PM: Registered nosave memory: [mem 0x00000000-0x00000fff]
[    0.000000] PM: Registered nosave memory: [mem 0x0009f000-0x0009ffff]
[    0.000000] PM: Registered nosave memory: [mem 0x000a0000-0x000effff]
[    0.000000] PM: Registered nosave memory: [mem 0x000f0000-0x000fffff]
[    0.000000] e820: [mem 0x80000000-0xfebfffff] available for PCI devices
[    0.000000] Booting paravirtualized kernel on KVM
[    0.000000] clocksource: refined-jiffies: mask: 0xffffffff max_cycles: 0xffffffff, max_idle_ns: 7645519600211568 ns
[    0.000000] random: get_random_bytes called from start_kernel+0x99/0x500 with crng_init=0
[    0.000000] setup_percpu: NR_CPUS:8192 nr_cpumask_bits:1 nr_cpu_ids:1 nr_node_ids:1
[    0.000000] percpu: Embedded 50 pages/cpu s167936 r8192 d28672 u2097152
[    0.000000] PV qspinlock hash table entries: 256 (order: 0, 4096 bytes)
[    0.000000] Built 1 zonelists, mobility grouping on.  Total pages: 515961
[    0.000000] Policy zone: DMA32
[    0.000000] Kernel command line: BOOT_IMAGE=/boot/vmlinuz-4.15.0-191-generic root=LABEL=cloudimg-rootfs ro console=tty1 console=ttyS0
[    0.000000] Memory: 2015036K/2096696K available (12300K kernel code, 2484K rwdata, 4324K rodata, 2468K init, 2724K bss, 81660K reserved, 0K cma-reserved)
[    0.000000] SLUB: HWalign=64, Order=0-3, MinObjects=0, CPUs=1, Nodes=1
[    0.000000] ftrace: allocating 39485 entries in 155 pages
[    0.004000] Hierarchical RCU implementation.
[    0.004000] 	RCU restricting CPUs from NR_CPUS=8192 to nr_cpu_ids=1.
[    0.004000] 	Tasks RCU enabled.
[    0.004000] RCU: Adjusting geometry for rcu_fanout_leaf=16, nr_cpu_ids=1
[    0.004000] NR_IRQS: 524544, nr_irqs: 256, preallocated irqs: 16
[    0.004000] Console: colour VGA+ 80x25
[    0.004000] console [tty1] enabled
[    0.004000] console [ttyS0] enabled
[    0.004000] ACPI: Core revision 20170831
[    0.004000] ACPI: 2 ACPI AML tables successfully acquired and loaded
[    0.004000] APIC: Switch to symmetric I/O mode setup
[    0.012000] ..TIMER: vector=0x30 apic1=0 pin1=2 apic2=-1 pin2=-1
[    0.012011] tsc: Detected 2095.992 MHz processor
[    0.016038] Calibrating delay loop (skipped) preset value.. 4191.98 BogoMIPS (lpj=8383968)
[    0.020019] pid_max: default: 32768 minimum: 301
[    0.024092] Security Framework initialized
[    0.028018] Yama: becoming mindful.
[    0.032095] AppArmor: AppArmor initialized
[    0.044010] Dentry cache hash table entries: 262144 (order: 9, 2097152 bytes)
[    0.055232] Inode-cache hash table entries: 131072 (order: 8, 1048576 bytes)
[    0.056341] Mount-cache hash table entries: 4096 (order: 3, 32768 bytes)
[    0.060238] Mountpoint-cache hash table entries: 4096 (order: 3, 32768 bytes)
[    0.068451] CPU0: Hyper-Threading is disabled
[    0.072113] Last level iTLB entries: 4KB 1024, 2MB 1024, 4MB 512
[    0.076009] Last level dTLB entries: 4KB 1536, 2MB 1536, 4MB 768, 1GB 0
[    0.080010] Spectre V1 : Mitigation: usercopy/swapgs barriers and __user pointer sanitization
[    0.084011] Spectre V2 : Mitigation: Retpolines
[    0.088009] Spectre V2 : Spectre v2 / SpectreRSB mitigation: Filling RSB on context switch
[    0.098690] Freeing SMP alternatives memory: 36K
[    0.212566] smpboot: CPU0: AMD Ryzen 5 PRO 3500U w/ Radeon Vega Mobile Gfx (family: 0x17, model: 0x18, stepping: 0x1)
[    0.216654] Performance Events: PMU not available due to virtualization, using software events only.
[    0.220206] Hierarchical SRCU implementation.
[    0.225840] NMI watchdog: Perf event create on CPU 0 failed with -2
[    0.228009] NMI watchdog: Perf NMI watchdog permanently disabled
[    0.232505] smp: Bringing up secondary CPUs ...
[    0.236115] smp: Brought up 1 node, 1 CPU
[    0.240012] smpboot: Max logical packages: 1
[    0.244014] smpboot: Total of 1 processors activated (4191.98 BogoMIPS)
[    0.248647] devtmpfs: initialized
[    0.252169] x86/mm: Memory block size: 128MB
[    0.257205] evm: security.selinux
[    0.260105] evm: security.SMACK64
[    0.264013] evm: security.SMACK64EXEC
[    0.268011] evm: security.SMACK64TRANSMUTE
[    0.272010] evm: security.SMACK64MMAP
[    0.276011] evm: security.apparmor
[    0.280011] evm: security.ima
[    0.284015] evm: security.capability
[    0.288480] clocksource: jiffies: mask: 0xffffffff max_cycles: 0xffffffff, max_idle_ns: 7645041785100000 ns
[    0.292039] futex hash table entries: 256 (order: 2, 16384 bytes)
[    0.296289] pinctrl core: initialized pinctrl subsystem
[    0.304009] RTC time:  1:47:55, date: 10/10/22
[    0.308710] NET: Registered protocol family 16
[    0.312544] audit: initializing netlink subsys (disabled)
[    0.317184] cpuidle: using governor ladder
[    0.320042] audit: type=2000 audit(1665366481.346:1): state=initialized audit_enabled=0 res=1
[    0.328044] cpuidle: using governor menu
[    0.337039] ACPI: bus type PCI registered
[    0.340012] acpiphp: ACPI Hot Plug PCI Controller Driver version: 0.5
[    0.348285] PCI: Using configuration type 1 for base access
[    0.352020] PCI: Using configuration type 1 for extended access
[    0.360000] HugeTLB registered 2.00 MiB page size, pre-allocated 0 pages
[    0.361690] ACPI: Added _OSI(Module Device)
[    0.364019] ACPI: Added _OSI(Processor Device)
[    0.368012] ACPI: Added _OSI(3.0 _SCP Extensions)
[    0.372013] ACPI: Added _OSI(Processor Aggregator Device)
[    0.376057] ACPI: Added _OSI(Linux-Dell-Video)
[    0.380049] ACPI: Added _OSI(Linux-Lenovo-NV-HDMI-Audio)
[    0.384207] ACPI: Added _OSI(Linux-HPI-Hybrid-Graphics)
[    0.389218] ACPI: Executed 1 blocks of module-level executable AML code
[    0.401511] ACPI: Interpreter enabled
[    0.404058] ACPI: (supports S0 S5)
[    0.408010] ACPI: Using IOAPIC for interrupt routing
[    0.412615] PCI: Using host bridge windows from ACPI; if necessary, use "pci=nocrs" and report a bug
[    0.416422] ACPI: Enabled 2 GPEs in block 00 to 07
[    0.439137] ACPI: PCI Root Bridge [PCI0] (domain 0000 [bus 00-ff])
[    0.440033] acpi PNP0A03:00: _OSC: OS supports [ExtendedConfig ASPM ClockPM Segments MSI]
[    0.446209] acpi PNP0A03:00: _OSC: platform does not support [PCIeCapability]
[    0.452551] acpi PNP0A03:00: _OSC: not requesting control; platform does not support [PCIeCapability]
[    0.456018] acpi PNP0A03:00: _OSC: OS requested [PCIeHotplug PME AER PCIeCapability]
[    0.460015] acpi PNP0A03:00: _OSC: platform willing to grant [PCIeHotplug PME AER]
[    0.464016] acpi PNP0A03:00: _OSC failed (AE_SUPPORT); disabling ASPM
[    0.472613] PCI host bridge to bus 0000:00
[    0.476017] pci_bus 0000:00: root bus resource [io  0x0000-0x0cf7 window]
[    0.480016] pci_bus 0000:00: root bus resource [io  0x0d00-0xffff window]
[    0.484018] pci_bus 0000:00: root bus resource [mem 0x000a0000-0x000bffff window]
[    0.488014] pci_bus 0000:00: root bus resource [mem 0x80000000-0xfdffffff window]
[    0.492016] pci_bus 0000:00: root bus resource [bus 00-ff]
[    0.508156] pci 0000:00:01.1: legacy IDE quirk: reg 0x10: [io  0x01f0-0x01f7]
[    0.512026] pci 0000:00:01.1: legacy IDE quirk: reg 0x14: [io  0x03f6]
[    0.516016] pci 0000:00:01.1: legacy IDE quirk: reg 0x18: [io  0x0170-0x0177]
[    0.520015] pci 0000:00:01.1: legacy IDE quirk: reg 0x1c: [io  0x0376]
[    0.554201] pci 0000:00:07.0: quirk: [io  0x4000-0x403f] claimed by PIIX4 ACPI
[    0.556069] pci 0000:00:07.0: quirk: [io  0x4100-0x410f] claimed by PIIX4 SMB
[    0.577610] ACPI: PCI Interrupt Link [LNKA] (IRQs 5 9 10 *11)
[    0.581007] ACPI: PCI Interrupt Link [LNKB] (IRQs 5 9 *10 11)
[    0.584311] ACPI: PCI Interrupt Link [LNKC] (IRQs 5 *9 10 11)
[    0.592180] ACPI: PCI Interrupt Link [LNKD] (IRQs 5 9 10 *11)
[    0.597417] SCSI subsystem initialized
[    0.600409] pci 0000:00:02.0: vgaarb: setting as boot VGA device
[    0.604000] pci 0000:00:02.0: vgaarb: VGA device added: decodes=io+mem,owns=io+mem,locks=none
[    0.604016] pci 0000:00:02.0: vgaarb: bridge control possible
[    0.608012] vgaarb: loaded
[    0.612187] ACPI: bus type USB registered
[    0.616058] usbcore: registered new interface driver usbfs
[    0.620087] usbcore: registered new interface driver hub
[    0.624084] usbcore: registered new device driver usb
[    0.628250] EDAC MC: Ver: 3.0.0
[    0.633336] PCI: Using ACPI for IRQ routing
[    0.637174] NetLabel: Initializing
[    0.640011] NetLabel:  domain hash size = 128
[    0.644010] NetLabel:  protocols = UNLABELED CIPSOv4 CALIPSO
[    0.648385] NetLabel:  unlabeled traffic allowed by default
[    0.652386] clocksource: Switched to clocksource kvm-clock
[    0.776350] VFS: Disk quotas dquot_6.6.0
[    0.787183] VFS: Dquot-cache hash table entries: 512 (order 0, 4096 bytes)
[    0.800269] AppArmor: AppArmor Filesystem Enabled
[    0.806548] pnp: PnP ACPI init
[    0.812742] pnp: PnP ACPI: found 3 devices
[    0.829177] clocksource: acpi_pm: mask: 0xffffff max_cycles: 0xffffff, max_idle_ns: 2085701024 ns
[    0.839613] NET: Registered protocol family 2
[    0.850048] IP idents hash table entries: 32768 (order: 6, 262144 bytes)
[    0.862036] TCP established hash table entries: 16384 (order: 5, 131072 bytes)
[    0.870832] TCP bind hash table entries: 16384 (order: 6, 262144 bytes)
[    0.881299] TCP: Hash tables configured (established 16384 bind 16384)
[    0.890021] UDP hash table entries: 1024 (order: 3, 32768 bytes)
[    0.897264] UDP-Lite hash table entries: 1024 (order: 3, 32768 bytes)
[    0.905511] NET: Registered protocol family 1
[    0.910655] pci 0000:00:00.0: Limiting direct PCI/PCI transfers
[    0.917399] pci 0000:00:01.0: Activating ISA DMA hang workarounds
[    0.926663] pci 0000:00:02.0: Video device with shadowed ROM at [mem 0x000c0000-0x000dffff]
[    0.936523] Unpacking initramfs...
[    1.825366] Freeing initrd memory: 19532K
[    1.834291] clocksource: tsc: mask: 0xffffffffffffffff max_cycles: 0x1e36668feb2, max_idle_ns: 440795310268 ns
[    1.845884] platform rtc_cmos: registered platform RTC device (no PNP device found)
[    1.856161] Scanning for low memory corruption every 60 seconds
[    1.863033] Initialise system trusted keyrings
[    1.867930] Key type blacklist registered
[    1.873401] workingset: timestamp_bits=36 max_order=19 bucket_order=0
[    1.884529] zbud: loaded
[    1.889045] squashfs: version 4.0 (2009/01/31) Phillip Lougher
[    1.895861] fuse init (API version 7.26)
[    1.904069] Key type asymmetric registered
[    1.909307] Asymmetric key parser 'x509' registered
[    1.914441] Block layer SCSI generic (bsg) driver version 0.4 loaded (major 246)
[    1.922785] io scheduler noop registered
[    1.928023] io scheduler deadline registered
[    1.934091] io scheduler cfq registered (default)
[    1.940104] ACPI: AC Adapter [AC] (on-line)
[    1.944684] input: Power Button as /devices/LNXSYSTM:00/LNXPWRBN:00/input/input0
[    1.953332] ACPI: Power Button [PWRF]
[    1.957737] input: Sleep Button as /devices/LNXSYSTM:00/LNXSLPBN:00/input/input1
[    1.965137] ACPI: Sleep Button [SLPF]
[    1.972100] ACPI: Battery Slot [BAT0] (battery present)
[    1.978627] Serial: 8250/16550 driver, 32 ports, IRQ sharing enabled
[    2.018589] 00:02: ttyS0 at I/O 0x3f8 (irq = 4, base_baud = 115200) is a 16550A
[    2.032134] Linux agpgart interface v0.103
[    2.047394] loop: module loaded
[    2.056059] scsi host0: ata_piix
[    2.060557] scsi host1: ata_piix
[    2.064012] ata1: PATA max UDMA/33 cmd 0x1f0 ctl 0x3f6 bmdma 0xd000 irq 14
[    2.071027] ata2: PATA max UDMA/33 cmd 0x170 ctl 0x376 bmdma 0xd008 irq 15
[    2.081101] tun: Universal TUN/TAP device driver, 1.6
[    2.086339] PPP generic driver version 2.4.2
[    2.090800] ehci_hcd: USB 2.0 'Enhanced' Host Controller (EHCI) Driver
[    2.097286] ehci-pci: EHCI PCI platform driver
[    2.102159] ehci-platform: EHCI generic platform driver
[    2.107564] ohci_hcd: USB 1.1 'Open' Host Controller (OHCI) Driver
[    2.113612] ohci-pci: OHCI PCI platform driver
[    2.118010] ohci-platform: OHCI generic platform driver
[    2.123413] uhci_hcd: USB Universal Host Controller Interface driver
[    2.130058] i8042: PNP: PS/2 Controller [PNP0303:PS2K,PNP0f03:PS2M] at 0x60,0x64 irq 1,12
[    2.142241] serio: i8042 KBD port at 0x60,0x64 irq 1
[    2.147300] serio: i8042 AUX port at 0x60,0x64 irq 12
[    2.152691] mousedev: PS/2 mouse device common for all mice
[    2.160342] input: AT Translated Set 2 keyboard as /devices/platform/i8042/serio0/input/input2
[    2.170404] rtc_cmos rtc_cmos: rtc core: registered rtc_cmos as rtc0
[    2.178794] rtc_cmos rtc_cmos: alarms up to one day, 114 bytes nvram
[    2.185410] i2c /dev entries driver
[    2.189839] device-mapper: uevent: version 1.0.3
[    2.194645] device-mapper: ioctl: 4.37.0-ioctl (2017-09-20) initialised: dm-devel@redhat.com
[    2.208426] ledtrig-cpu: registered to indicate activity on CPUs
[    2.215655] NET: Registered protocol family 10
[    2.224124] Segment Routing with IPv6
[    2.228432] NET: Registered protocol family 17
[    2.234029] Key type dns_resolver registered
[    2.305959] mce: Using 0 MCE banks
[    2.310466] RAS: Correctable Errors collector initialized.
[    2.316796] sched_clock: Marking stable (2316709272, 0)->(3804646957, -1487937685)
[    2.324571] registered taskstats version 1
[    2.329640] Loading compiled-in X.509 certificates
[    2.337582] Loaded X.509 cert 'Build time autogenerated kernel key: c22b55fccca0ab4a1b471e83eb5a5035df964114'
[    2.347825] Loaded X.509 cert 'Canonical Ltd. Live Patch Signing: 14df34d1a87cf37625abec039ef2bf521249b969'
[    2.360464] Loaded X.509 cert 'Canonical Ltd. Kernel Module Signing: 88f752e560a1e0737e31163a466ad7b70a850c19'
[    2.370338] blacklist: Loading compiled-in revocation X.509 certificates
[    2.377141] Loaded X.509 cert 'Canonical Ltd. Secure Boot Signing: 61482aa2830d0ab2ad5af10b7250da9033ddcef0'
[    2.387150] zswap: loaded using pool lzo/zbud
[    2.394934] Key type big_key registered
[    2.398823] Key type trusted registered
[    2.405102] Key type encrypted registered
[    2.409303] AppArmor: AppArmor sha1 policy hashing enabled
[    2.414744] ima: No TPM chip found, activating TPM-bypass! (rc=-19)
[    2.420732] ima: Allocated hash algorithm: sha1
[    2.426403] evm: HMAC attrs: 0x1
[    2.431311]   Magic number: 10:115:761
[    2.435867] rtc_cmos rtc_cmos: setting system clock to 2022-10-10 01:47:57 UTC (1665366477)
[    2.444522] BIOS EDD facility v0.16 2004-Jun-25, 0 devices found
[    2.450549] EDD information not available.
[    2.460596] Freeing unused kernel image memory: 2468K
[    2.472346] Write protecting the kernel read-only data: 20480k
[    2.479540] Freeing unused kernel image memory: 2008K
[    2.485262] Freeing unused kernel image memory: 1820K
[    2.498560] x86/mm: Checked W+X mappings: passed, no W+X pages found.
Loading, please wait...
starting version 237
[    2.668230] e1000: Intel(R) PRO/1000 Network Driver - version 7.3.21-k8-NAPI
[    2.680539] e1000: Copyright (c) 1999-2006 Intel Corporation.
[    2.696748] Fusion MPT base driver 3.04.20
[    2.704480] Copyright (c) 1999-2008 LSI Corporation
[    2.813683] Fusion MPT SPI Host driver 3.04.20
[    3.006104] input: ImExPS/2 Generic Explorer Mouse as /devices/platform/i8042/serio1/input/input4
[    3.705515] e1000 0000:00:03.0 eth0: (PCI:33MHz:32-bit) 02:7d:7d:ce:01:7d
[    3.714289] e1000 0000:00:03.0 eth0: Intel(R) PRO/1000 Network Connection
[    3.725863] mptbase: ioc0: Initiating bringup
[    3.835182] ioc0: LSI53C1030 A0: Capabilities={Initiator}
[    4.115894] scsi host2: ioc0: LSI53C1030 A0, FwRev=00000000h, Ports=1, MaxQ=256, IRQ=20
[    4.307652] scsi 2:0:0:0: Direct-Access     VBOX     HARDDISK         1.0  PQ: 0 ANSI: 5
[    4.345867] scsi target2:0:0: Beginning Domain Validation
[    4.362134] random: fast init done
[    4.382912] scsi target2:0:0: Domain Validation skipping write tests
[    4.396438] scsi target2:0:0: Ending Domain Validation
[    4.431884] scsi target2:0:0: asynchronous
[    4.465097] scsi 2:0:1:0: Direct-Access     VBOX     HARDDISK         1.0  PQ: 0 ANSI: 5
[    4.511558] scsi target2:0:1: Beginning Domain Validation
[    4.569451] scsi target2:0:1: Domain Validation skipping write tests
[    4.582828] scsi target2:0:1: Ending Domain Validation
[    4.613272] scsi target2:0:1: asynchronous
[    4.783672] sd 2:0:0:0: [sda] 83886080 512-byte logical blocks: (42.9 GB/40.0 GiB)
[    4.796027] sd 2:0:0:0: Attached scsi generic sg0 type 0
[    4.805453] sd 2:0:1:0: [sdb] 20480 512-byte logical blocks: (10.5 MB/10.0 MiB)
[    4.815810] sd 2:0:1:0: Attached scsi generic sg1 type 0
[    4.822202] random: systemd-udevd: uninitialized urandom read (16 bytes read)
[    4.832661] sd 2:0:0:0: [sda] Write Protect is off
[    4.839437] sd 2:0:1:0: [sdb] Write Protect is off
[    4.860276] sd 2:0:0:0: [sda] Incomplete mode parameter data
[    4.865929] sd 2:0:0:0: [sda] Assuming drive cache: write through
[    4.873017] sd 2:0:1:0: [sdb] Incomplete mode parameter data
[    4.880407] sd 2:0:1:0: [sdb] Assuming drive cache: write through
[    4.891246] random: systemd-udevd: uninitialized urandom read (16 bytes read)
[    4.899751]  sda: sda1
[    4.922190] sd 2:0:0:0: [sda] Attached SCSI disk
[    4.929056] random: systemd-udevd: uninitialized urandom read (16 bytes read)
[    4.951478] sd 2:0:1:0: [sdb] Attached SCSI disk
[    5.618877] e1000 0000:00:08.0 eth1: (PCI:33MHz:32-bit) 08:00:27:aa:85:53
[    5.633291] e1000 0000:00:08.0 eth1: Intel(R) PRO/1000 Network Connection
[    5.649919] e1000 0000:00:08.0 enp0s8: renamed from eth1
[    5.675431] e1000 0000:00:03.0 enp0s3: renamed from eth0
Begin: Loading essential drivers ... [    8.112137] raid6: sse2x1   gen()  2894 MB/s
[    8.184221] raid6: sse2x1   xor()  1903 MB/s
[    8.252114] raid6: sse2x2   gen()  5432 MB/s
[    8.326962] raid6: sse2x2   xor()  4483 MB/s
[    8.396394] raid6: sse2x4   gen()  3134 MB/s
[    8.532684] raid6: sse2x4   xor()  2948 MB/s
[    8.545556] raid6: using algorithm sse2x2 gen() 5432 MB/s
[    8.555262] raid6: .... xor() 4483 MB/s, rmw enabled
[    8.566960] raid6: using ssse3x2 recovery algorithm
[    8.579116] xor: measuring software checksum speed
[    8.688761]    prefetch64-sse: 24816.000 MB/sec
[    8.796322]    generic_sse: 19779.000 MB/sec
[    8.801402] xor: using function: prefetch64-sse (24816.000 MB/sec)
[    8.812922] async_tx: api initialized (async)
done.
Begin: Running /scripts/init-premount ... done.
Begin: Mounting root file system ... Begin: Running /scripts/local-top ... done.
Begin: Running /scripts/local-premount ... [    8.953203] Btrfs loaded, crc32c=crc32c-intel
Scanning for Btrfs filesystems
done.
Warning: fsck not present, so skipping root file system
[    9.051651] EXT4-fs (sda1): mounted filesystem with ordered data mode. Opts: (null)
done.
Begin: Running /scripts/local-bottom ... done.
Begin: Running /scripts/init-bottom ... done.
[    9.426724] ip_tables: (C) 2000-2006 Netfilter Core Team
[    9.455572] systemd[1]: systemd 237 running in system mode. (+PAM +AUDIT +SELINUX +IMA +APPARMOR +SMACK +SYSVINIT +UTMP +LIBCRYPTSETUP +GCRYPT +GNUTLS +ACL +XZ +LZ4 +SECCOMP +BLKID +ELFUTILS +KMOD -IDN2 +IDN -PCRE2 default-hierarchy=hybrid)
[    9.477845] systemd[1]: Detected virtualization oracle.
[    9.483662] systemd[1]: Detected architecture x86-64.

Welcome to [1mUbuntu 18.04.6 LTS[0m!

[    9.497321] systemd[1]: Set hostname to <ubuntu>.
[    9.519008] systemd[1]: Initializing machine ID from random generator.
[    9.526394] systemd[1]: Installed transient /etc/machine-id file.
[   10.022487] systemd[1]: Set up automount Arbitrary Executable File Formats File System Automount Point.
[[0;32m  OK  [0m] Set up automount Arbitrary Executabâ€¦rmats File System Automount Point.
[   10.042760] systemd[1]: Reached target System Time Synchronized.
[[0;32m  OK  [0m] Reached target System Time Synchronized.
[   10.065850] systemd[1]: Started Forward Password Requests to Wall Directory Watch.
[[0;32m  OK  [0m] Started Forward Password Requests to Wall Directory Watch.
[   10.089328] systemd[1]: Reached target Swap.
[[0;32m  OK  [0m] Reached target Swap.
[[0;32m  OK  [0m] Created slice User and Session Slice.
[[0;32m  OK  [0m] Reached target User and Group Name Lookups.
[[0;32m  OK  [0m] Created slice System Slice.
[[0;32m  OK  [0m] Listening on Device-mapper event daemon FIFOs.
[[0;32m  OK  [0m] Listening on udev Kernel Socket.
[[0;32m  OK  [0m] Reached target Slices.
[[0;32m  OK  [0m] Listening on LVM2 metadata daemon socket.
[[0;32m  OK  [0m] Listening on Journal Audit Socket.
[[0;32m  OK  [0m] Listening on Syslog Socket.
[[0;32m  OK  [0m] Listening on LVM2 poll daemon socket.
[[0;32m  OK  [0m] Created slice system-serial\x2dgetty.slice.
[[0;32m  OK  [0m] Listening on Journal Socket.
         Starting Uncomplicated firewall...
         Starting Set the console keyboard layout...
         Starting Load Kernel Modules...
         Starting Monitoring of LVM2 mirrorsâ€¦ng dmeventd or progress polling...
         Mounting Huge Pages File System...
         Starting Create list of required stâ€¦ce nodes for the current kernel...
         Mounting Kernel Debug File System...[   10.236971] Loading iSCSI transport class v2.0-870.

[[0;32m  OK  [0m] Listening on udev Control Socket.
         Starting udev Coldplug all Devices...[   10.279333] iscsi: registered transport (tcp)

[[0;32m  OK  [0m] Listening on Journal Socket (/dev/log).
[[0;32m  OK  [0m] Listening on Network Service Netlink Socket.
[[0;32m  OK  [0m] Listening on /dev/initctl Compatibility Named Pipe.
         Starting Journal Service...
[[0;32m  OK  [0m] Listening on fsck to fsckd communication Socket.
         Starting File System Check on Root Device...
         Mounting POSIX Message Queue File System...
[[0;32m  OK  [0m] Started Uncomplicated firewall.
[[0;32m  OK  [0m] Mounted Huge Pages File System.
[[0;32m  OK  [0m] Started Create list of required staâ€¦vice nodes for the current kernel.
[[0;32m  OK  [0m] Mounted Kernel Debug File System.
[[0;32m  OK  [0m] Mounted POSIX Message Queue File System.
         Starting Create Static Device Nodes in /dev...
[[0;32m  OK  [0m[   10.527426] iscsi: registered transport (iser)
] Started File System Check Daemon to report status.
[[0;32m  OK  [0m] Started LVM2 metadata daemon.
[[0;32m  OK  [0m] Started Load Kernel Modules.
         Starting Apply Kernel Variables...
         Mounting Kernel Configuration File System...
         Mounting FUSE Control File System...
[[0;32m  OK  [0m] Started Create Static Device Nodes in /dev.
[[0;32m  OK  [0m] Mounted Kernel Configuration File System.
[[0;32m  OK  [0m] Mounted FUSE Control File System.
[[0;32m  OK  [0m] Started File System Check on Root Device.
         Starting Remount Root and Kernel File Systems...
[[0;32m  OK  [0m] Started Apply Kernel Variables.
[[0;32m  OK  [0m] Started Journal Service.
[[0;32m  OK  [0m] Started Remount Root and Kernel File Systems.
[[0;32m  OK  [0m] Started Monitoring of LVM2 mirrors,â€¦sing dmeventd or progress polling.
[[0;32m  OK  [0m] Started udev Coldplug all Devices.
         Starting udev Kernel Device Manager...
         Starting Load/Save Random Seed...
         Starting Flush Journal to Persistent Storage...
[[0;32m  OK  [0m] Started udev Kernel Device Manager.
[[0;32m  OK  [0m] Started Load/Save Random Seed.
[[0;32m  OK  [0m] Started Flush Journal to Persistent Storage.
[[0;32m  OK  [0m] Found device /dev/ttyS0.
[[0;32m  OK  [0m] Listening on Load/Save RF Kill Switch Status /dev/rfkill Watch.
[[0;32m  OK  [0m] Started Set the console keyboard layout.
[[0;32m  OK  [0m] Started Dispatch Password Requests to Console Directory Watch.
[[0;32m  OK  [0m] Reached target Local Encrypted Volumes.
[[0;32m  OK  [0m] Reached target Local File Systems (Pre).
[[0;32m  OK  [0m] Reached target Local File Systems.
         Starting Create Volatile Files and Directories...
         Starting Set console font and keymap...
         Starting AppArmor initialization...
         Starting Tell Plymouth To Write Out Runtime Data...
         Starting ebtables ruleset management...
         Starting Commit a transient machine-id on disk...
[[0;32m  OK  [0m] Started Tell Plymouth To Write Out Runtime Data.
[[0;32m  OK  [0m] Started Create Volatile Files and Directories.
         Starting Update UTMP about System Boot/Shutdown...
[[0;32m  OK  [0m] Started Commit a transient machine-id on disk.
[[0;32m  OK  [0m] Started Update UTMP about System Boot/Shutdown.
[[0;32m  OK  [0m] Started ebtables ruleset management.
[[0;32m  OK  [0m] Started AppArmor initialization.
         Starting Load AppArmor profiles managed internally by snapd...
         Starting Initial cloud-init job (pre-networking)...
[[0;32m  OK  [0m] Started Load AppArmor profiles managed internally by snapd.
[[0;32m  OK  [0m] Started Set console font and keymap.
[   19.589180] cloud-init[748]: Cloud-init v. 22.2-0ubuntu1~18.04.3 running 'init-local' at Mon, 10 Oct 2022 01:48:14 +0000. Up 18.96 seconds.
[[0;32m  OK  [0m] Started Initial cloud-init job (pre-networking).
[[0;32m  OK  [0m] Reached target Network (Pre).
         Starting Network Service...
[[0;32m  OK  [0m] Started Network Service.
         Starting Wait for Network to be Configured...
         Starting Network Name Resolution...
[[0;32m  OK  [0m] Started Network Name Resolution.
[[0;32m  OK  [0m] Reached target Network.
[[0;32m  OK  [0m] Reached target Host and Network Name Lookups.
[[0;32m  OK  [0m] Started Wait for Network to be Configured.
         Starting Initial cloud-init job (metadata service crawler)...
[   22.766093] cloud-init[880]: Cloud-init v. 22.2-0ubuntu1~18.04.3 running 'init' at Mon, 10 Oct 2022 01:48:17 +0000. Up 22.50 seconds.
[   22.807362] cloud-init[880]: ci-info: ++++++++++++++++++++++++++++++++++++++Net device info++++++++++++++++++++++++++++++++++++++
[   22.833657] cloud-init[880]: ci-info: +--------+-------+---------------------------+---------------+--------+-------------------+
[   22.864655] cloud-init[880]: ci-info: | Device |   Up  |          Address          |      Mask     | Scope  |     Hw-Address    |
[   22.890366] cloud-init[880]: ci-info: +--------+-------+---------------------------+---------------+--------+-------------------+
[   22.921636] cloud-init[880]: ci-info: | enp0s3 |  True |         10.0.2.15         | 255.255.255.0 | global | 02:7d:7d:ce:01:7d |
[   22.978743] cloud-init[880]: ci-info: | enp0s3 |  True | fe80::7d:7dff:fece:17d/64 |       .       |  link  | 02:7d:7d:ce:01:7d |
[   23.010747] cloud-init[880]: ci-info: | enp0s8 | False |             .             |       .       |   .    | 08:00:27:aa:85:53 |
[   23.044695] cloud-init[880]: ci-info: |   lo   |  True |         127.0.0.1         |   255.0.0.0   |  host  |         .         |
[   23.064000] cloud-init[880]: ci-info: |   lo   |  True |          ::1/128          |       .       |  host  |         .         |
[   23.088196] cloud-init[880]: ci-info: +--------+-------+---------------------------+---------------+--------+-------------------+
[   23.110644] cloud-init[880]: ci-info: ++++++++++++++++++++++++++++Route IPv4 info+++++++++++++++++++++++++++++
[   23.129294] cloud-init[880]: ci-info: +-------+-------------+----------+-----------------+-----------+-------+
[   23.146079] cloud-init[880]: ci-info: | Route | Destination | Gateway  |     Genmask     | Interface | Flags |
[   23.172722] cloud-init[880]: ci-info: +-------+-------------+----------+-----------------+-----------+-------+
[   23.195026] cloud-init[880]: ci-info: |   0   |   0.0.0.0   | 10.0.2.2 |     0.0.0.0     |   enp0s3  |   UG  |
[   23.213296] cloud-init[880]: ci-info: |   1   |   10.0.2.0  | 0.0.0.0  |  255.255.255.0  |   enp0s3  |   U   |
[   23.232157] cloud-init[880]: ci-info: |   2   |   10.0.2.2  | 0.0.0.0  | 255.255.255.255 |   enp0s3  |   UH  |
[   23.250034] cloud-init[880]: ci-info: +-------+-------------+----------+-----------------+-----------+-------+
[   23.273440] cloud-init[880]: ci-info: +++++++++++++++++++Route IPv6 info+++++++++++++++++++
[   23.298529] cloud-init[880]: ci-info: +-------+-------------+---------+-----------+-------+
[   23.310414] cloud-init[880]: ci-info: | Route | Destination | Gateway | Interface | Flags |
[   23.327386] cloud-init[880]: ci-info: +-------+-------------+---------+-----------+-------+
[   23.343601] cloud-init[880]: ci-info: |   1   |  fe80::/64  |    ::   |   enp0s3  |   U   |
[   23.379052] cloud-init[880]: ci-info: |   3   |    local    |    ::   |   enp0s3  |   U   |
[   23.397281] cloud-init[880]: ci-info: |   4   |   ff00::/8  |    ::   |   enp0s3  |   U   |
[   23.407925] cloud-init[880]: ci-info: +-------+-------------+---------+-----------+-------+
[   24.833532] cloud-init[880]: Generating public/private rsa key pair.
[   24.855555] cloud-init[880]: Your identification has been saved in /etc/ssh/ssh_host_rsa_key.
[   24.872803] cloud-init[880]: Your public key has been saved in /etc/ssh/ssh_host_rsa_key.pub.
[   24.893727] cloud-init[880]: The key fingerprint is:
[   24.912935] cloud-init[880]: SHA256:Wjbh2Q/X1h7byLVyuz6gV3qLffdxLqeimFzcQOJEjjM root@ubuntu-bionic
[   24.934447] cloud-init[880]: The key's randomart image is:
[   24.944010] cloud-init[880]: +---[RSA 2048]----+
[   24.957118] cloud-init[880]: |        .        |
[   24.968281] cloud-init[880]: |       +         |
[   24.980011] cloud-init[880]: |      E = .      |
[   24.994232] cloud-init[880]: |       * *   . . |
[   25.017240] cloud-init[880]: |        S + . o.o|
[   25.032798] cloud-init[880]: |       + o * + ==|
[   25.053576] cloud-init[880]: |      .   o +.*=+|
[   25.060516] cloud-init[880]: |       . + ..o*+B|
[   25.077330] cloud-init[880]: |        + ...o+XX|
[   25.096475] cloud-init[880]: +----[SHA256]-----+
[   25.103649] cloud-init[880]: Generating public/private dsa key pair.[[0;32m  OK  [0m
[   25.113576] cloud-init[880]: ] Started Initial cloud-init job (metadata service crawler).
[[0;32m  OK  [0m] Reached target Network is Online.Your identification has been saved in /etc/ssh/ssh_host_dsa_key.

[[0;32m  OK  [0m] Reached target Remote File Systems (Pre).[   25.141123] cloud-init[880]: Your public key has been saved in /etc/ssh/ssh_host_dsa_key.pub.
[[0;32m  OK  [0m] Reached target Remote File Systems.

[   25.163676]          Starting Availability of block devices...
[[0;32m  OK  [0m] Reached target Cloud-config availability.cloud-init[880]: The key fingerprint is:

[   25.191239] [[0;32m  OK  [0m] Reached target System Initialization.
[cloud-init[880]: SHA256:CiZarGkpXZEIRB+Xz2YgqoI9+cAwFl/0s5YDNmJaUcg root@ubuntu-bionic[0;32m  OK  [0m] Listening on cloud-init hotplug hook socket.
[[0;32m  OK  [0m] Listening on ACPID Listen Socket.
[[0;32m  OK  [0m] Started Ubuntu Advantage Timer for running repeated jobs.
[   25.227137] cloud-init[880]: The key's randomart image is:

[[0;32m  OK  [0m] [   25.236710] cloud-init[880]: Listening on Open-iSCSI iscsid Socket.
+---[DSA 1024]----+
[   25.246653] cloud-init         Starting Socket activation for snappy daemon.[880]: |+o.o++.          |
[[0;32m  OK  [0m] Started Message of the Day.
[   25.267991] 
cloud-init[880]: [[0;32m  OK  [0m] Started ACPI Events Check.
[| o.E+=.          |
[   25.285368] cloud-init[0;32m  OK  [0m] Started Discard unused blocks once a week.[880]: |  ===++o         |
[   25.300110] 
[[0;32m  OK  [0m] cloud-init[880]: |o++.o.o=+        |Listening on UUID daemon activation socket.

[   25.318871] cloud-init         [880]: |+*+.+ o=S        |
[   25.327714] Starting LXD - unix socket.
[[0;32m  OK  [0m] Reached target Paths.
[cloud-init[880]: [0;32m  OK  [0m] Started Daily apt download activities.|+*B+ ....        |
[[0;32m  OK  [0m] Started Daily apt upgrade and clean activities.
[   25.372200] 
[[0;32m  OK  [0mcloud-init[880]: |*o.+  .          |] Started Daily Cleanup of Temporary Directories.

[   25.390009] cloud-init[880]: [[0;32m  OK  [0m] Listening on D-Bus System Message Bus Socket.
[[0;32m  OK  [0m|o   .            |
[   25.404870] cloud-init[880]: ] Reached target Timers.
|                 |
[[0;32m  OK  [0m[   25.421685] cloud-init] Started Availability of block devices.[880]: +----[SHA256]-----+
[[0;32m  OK  [0m] Listening on Socket activation for snappy daemon.

[[0;32m  OK  [0m[   25.454297] cloud-init] Listening on LXD - unix socket.[880]: Generating public/private ecdsa key pair.
[[0;32m  OK  [0m] Reached target Sockets.
[   25.474932] 
[[0;32m  OK  [0mcloud-init[880]: Your identification has been saved in /etc/ssh/ssh_host_ecdsa_key.] Reached target Basic System.

[   25.494511] cloud-init         Starting LSB: automatic crash report generation...[880]: Your public key has been saved in /etc/ssh/ssh_host_ecdsa_key.pub.
[[0;32m  OK  [0m] Started FUSE filesystem for LXC.

[   25.535807] cloud-init[880]: The key fingerprint is:
         Starting Dispatcher daemon for systemd-networkd...
         Starting Pollinate to seed the pseudo random number generator...
[[0;32m  OK  [0m] Started Deferred execution scheduler.
[   25.598351]          Starting Permit User Sessions...
[[0;32m  OK  [0m] Started irqbalance daemon.
cloud-init         Starting Login Service...
[880]:          Starting Snap Daemon...SHA256:GVF4lbkJyU85Ijv3g15tnnryLC/x/FWpcheh5ga3Qo8 root@ubuntu-bionic
         Starting LXD - container startup/shutdown...
         Starting LSB: Record successful boot for GRUB...
[[0;32m  OK  [0m
] Started D-Bus System Message Bus.
[   25.723054] cloud-init[880]: The key's randomart image is:
[   25.749955] cloud-init[880]: +---[ECDSA 256]---+
[   25.791216] cloud-init[880]: |        .+.o.+   |
[   25.822731] cloud-init[880]: |        o.* *    |
[   25.863446] cloud-init[880]: |        .+ = + . |
[   25.892606] cloud-init[880]: |        oo. + . o|
[   25.910045] cloud-init[880]: |        So = = o.|
[   25.938870] cloud-init[880]: |          o % = o|
[   25.967362] cloud-init[880]: |         . E # o.|
[   25.997771] cloud-init[880]: |          . O.B .|
[   26.026764] cloud-init[880]: |            .O+..|
[   26.053221] cloud-init[880]: +----[SHA256]-----+
[[   26.122524] [0;32m  OK  [0m] Started Regular background program processing daemon.cloud-init
[880]:          Starting Virtualbox guest utils...
Generating public/private ed25519 key pair.         Starting Accounts Service...
         Starting System Logging Service...
[[0;32m  OK  [0m] Started Permit User Sessions.

[[0;32m  OK  [0m] Started Login Service.
[[0;32m  OK  [0m] Started Unattended Upgrades Shutdown.
         Starting Hold until boot process finishes up...[   26.282206] cloud-init[880]: 
         Starting Terminate Plymouth Boot Screen...
[[0;32m  OK  [0m] Started Hold until boot process finishes up.
[[0;32m  OK  [0m] Started Terminate Plymouth Boot Screen.
[[0;32m  OK  [0m] Started Serial Getty on ttyS0.
Your identification has been saved in /etc/ssh/ssh_host_ed25519_key.         Starting Set console scheme...
[[0;32m  OK  [0m] Started Set console scheme.

[[0;32m  OK  [0m] Created slice system-getty.slice.
[[0;32m  OK  [0m] Started Getty on tty1.
[[0;32m  OK  [0m] [   26.468651] cloud-init[880]: Reached target Login Prompts.
Your public key has been saved in /etc/ssh/ssh_host_ed25519_key.pub.[[0;32m  OK  [0m] Started LSB: automatic crash report generation.

[   26.577932] cloud-init[880]: The key fingerprint is:
[   26.608579] cloud-init[880]: SHA256:jdvKnk9AONxRYviwCNKzOfYdQQVZjsZZVhtXLUiZf1w root@ubuntu-bionic
[   26.667280] cloud-init[880]: The key's randomart image is:
[   26.739594] cloud-init[880]: +--[ED25519 256]--+
[   26.777187] cloud-init[880]: [| .   .o*Oo+.o=.. |[0;32m  OK  [0m] Started LSB: Record successful boot for GRUB.
         Starting Authorization Manager...

[[0;32m  OK  [0m] Started System Logging Service.
[   26.878998] cloud-init[880]: |. +  o=X o ++ . E|
[   26.957847] cloud-init[880]: | . = .O=+ .  . o.|
[   27.019504] cloud-init[880]: |  = ..oo.o    . o|
[   27.050122] cloud-init[880]: | . o . .S .    . |
[[0;32m  OK  [0m[   27.119387] ] Started Authorization Manager.
[[0;32m  OK  [0m] Started Accounts Service.
cloud-init[880]: |    . .  +       |
[[0;32m  OK  [0m] Started LXD - container startup/shutdown.
[   27.222110] cloud-init[880]: |        . o      |
[   27.339506] cloud-init[880]: |       . +       |
[   27.380297] cloud-init[880]: |       .=..      |
[   27.409087] cloud-init[880]: +----[SHA256]-----+
[[0;32m  OK  [0m] Started Virtualbox guest utils.
[[0;32m  OK  [0m] Started Dispatcher daemon for systemd-networkd.
[[0;32m  OK  [0m] Started Pollinate to seed the pseudo random number generator.
         Starting OpenBSD Secure Shell server...
[[0;32m  OK  [0m] Started OpenBSD Secure Shell server.
[[0;32m  OK  [0m] Started Snap Daemon.
         Starting Wait until snapd is fully seeded...
         Starting Time & Date Service...
[[0;32m  OK  [0m] Started Time & Date Service.
[[0;32m  OK  [0m] Created slice User Slice of vagrant.
         Starting User Manager for UID 1000...
[[0;32m  OK  [0m] Started Session 1 of user vagrant.
[[0;32m  OK  [0m] Started User Manager for UID 1000.
[[0;32m  OK  [0m] Started Wait until snapd is fully seeded.
         Starting Apply the settings specified in cloud-config...

Ubuntu 18.04.6 LTS ubuntu-bionic ttyS0

ubuntu-bionic login: [   36.146039] cloud-init[1326]: Cloud-init v. 22.2-0ubuntu1~18.04.3 running 'modules:config' at Mon, 10 Oct 2022 01:48:28 +0000. Up 33.65 seconds.
ci-info: no authorized SSH keys fingerprints found for user ubuntu.
<14>Oct 10 01:48:33 cloud-init: #############################################################
<14>Oct 10 01:48:33 cloud-init: -----BEGIN SSH HOST KEY FINGERPRINTS-----
<14>Oct 10 01:48:33 cloud-init: 1024 SHA256:CiZarGkpXZEIRB+Xz2YgqoI9+cAwFl/0s5YDNmJaUcg root@ubuntu-bionic (DSA)
<14>Oct 10 01:48:33 cloud-init: 256 SHA256:GVF4lbkJyU85Ijv3g15tnnryLC/x/FWpcheh5ga3Qo8 root@ubuntu-bionic (ECDSA)
<14>Oct 10 01:48:33 cloud-init: 256 SHA256:jdvKnk9AONxRYviwCNKzOfYdQQVZjsZZVhtXLUiZf1w root@ubuntu-bionic (ED25519)
<14>Oct 10 01:48:33 cloud-init: 2048 SHA256:Wjbh2Q/X1h7byLVyuz6gV3qLffdxLqeimFzcQOJEjjM root@ubuntu-bionic (RSA)
<14>Oct 10 01:48:33 cloud-init: -----END SSH HOST KEY FINGERPRINTS-----
<14>Oct 10 01:48:33 cloud-init: #############################################################
-----BEGIN SSH HOST KEY KEYS-----
ecdsa-sha2-nistp256 AAAAE2VjZHNhLXNoYTItbmlzdHAyNTYAAAAIbmlzdHAyNTYAAABBBMLi6j8mDKKzuNmFYV62nz0bdv8dyxDoSX44ECtZt5i564doNRPiWubFkSb9qzEPpkzo0sAeqyiqzMENUviUQmk= root@ubuntu-bionic
ssh-ed25519 AAAAC3NzaC1lZDI1NTE5AAAAIMUftC8CL/u8WT6QIx2jzzKKx4S1m5HuBjmJp7j9pGrk root@ubuntu-bionic
ssh-rsa AAAAB3NzaC1yc2EAAAADAQABAAABAQDHRtt8FCtbEaNB3HC2wiJnwwJgghCWNMP22BTJlcv0ZoD9uXkjVre7ZwfrqawA9bkIQpnvs3ygbebKOFvpeQ5DbGQKF3nekCtI9nBTH5cUsdyPR5JKa858oRyC1oiz+oaiXGrMrtdjVnPNHIuKYQXXHlbqZ7yywyqHaEACd2voOnqpIkuxveywg93m0NCxIxUPi6FFFPtxKfYMe/6NgzOGb4opEbWhtA+h5sJepyn4eBCOEGnebrOHLYAbjW8OcQKlAsVv+dFZHsjM622vZLdmwf0eg2nZakONBUxLOBkZ9PxOqVo0k+1hxGKcnn8KxOau1s226Kp35ZLo5uGwv02T root@ubuntu-bionic
-----END SSH HOST KEY KEYS-----
[   39.025187] cloud-init[1499]: Cloud-init v. 22.2-0ubuntu1~18.04.3 running 'modules:final' at Mon, 10 Oct 2022 01:48:33 +0000. Up 38.25 seconds.
[   39.045260] cloud-init[1499]: Cloud-init v. 22.2-0ubuntu1~18.04.3 finished at Mon, 10 Oct 2022 01:48:34 +0000. Datasource DataSourceNoCloud [seed=/dev/sdb][dsmode=net].  Up 39.00 seconds
